---
source: macbrew-proxy/src/main.rs
expression: format_binary_for_snap(&result)
---
[
    "00000000  00 AF 00 02 36 36 01 00 50 15 2A 16 2A 16 2A 15  | .».☻66☺.P§*▬*▬*§ |",
    "00000010  29 15 29 16 29 15 29 16 29 15 29 15 29 16 29 15  | )§)▬)§)▬)§)§)▬)§ |",
    "00000020  28 15 26 15 24 15 24 15 26 15 27 15 26 15 24 15  | (§&§$§$§&§'§&§$§ |",
    "00000030  24 15 24 15 22 16 22 15 22 15 20 15 1E 15 1D 15  | $§$§\"▬\"§\"§ §▲§↔§ |",
    "00000040  1D 15 1C 15 1B 15 1A 15 19 16 17 16 16 16 15 16  | ↔§∟§←§→§↓▬↨▬▬▬§▬ |",
    "00000050  14 16 13 17 12 17 12 17 10 17 0F 17 10 17 0E 17  | ¶▬‼↨↕↨↕↨►↨☼↨►↨♫↨ |",
    "00000060  0D 17 0B 17 0B 17 0B 17 0A 17 0A 17 0A 17 0A 17  | ♪↨♂↨♂↨♂↨◙↨◙↨◙↨◙↨ |",
    "00000070  0A 17 09 17 09 17 09 18 09 19 09 19 08 19 08 19  | ◙↨○↨○↨○↑○↓○↓◘↓◘↓ |",
    "00000080  08 19 08 19 08 19 08 19 08 1A 08 19 08 19 08 1A  | ◘↓◘↓◘↓◘↓◘→◘↓◘↓◘→ |",
    "00000090  08 1A 08 19 08 19 08 1A 07 1A 07 19 07 1A 07 1A  | ◘→◘↓◘↓◘→•→•↓•→•→ |",
    "000000A0  07 19 07 1A 07 19 07 1A 07 E5 01 80 E4 E5 05 56  | •↓•→•↓•→•σ☺Ç∑σ♣V |",
    "000000B0  15 3A DB 87 34                                   | §:█ç4            |",
]
