---
source: macbrew-proxy/src/main.rs
expression: format_binary_for_snap(&result)
---
[
    "00000000  00 AF 00 02 31 31 01 00 50 00 00 00 00 00 00 00  | .».☻11☺.P....... |",
    "00000010  00 00 00 00 00 00 00 00 00 00 00 00 00 00 00 00  | ................ |",
    "00000020  00 00 00 00 00 00 00 00 00 00 00 00 00 00 00 00  | ................ |",
    "00000030  00 00 00 00 00 00 00 00 00 00 00 00 00 00 00 00  | ................ |",
    "00000040  00 00 00 00 00 00 00 00 00 00 00 00 00 00 00 00  | ................ |",
    "00000050  00 00 00 00 00 00 00 00 00 00 00 00 00 00 00 00  | ................ |",
    "00000060  00 00 00 00 00 00 00 00 00 00 00 00 00 00 00 00  | ................ |",
    "00000070  00 00 00 00 00 00 00 00 00 00 00 00 00 00 00 00  | ................ |",
    "00000080  00 00 00 00 00 00 00 00 00 00 00 00 00 00 00 00  | ................ |",
    "00000090  00 00 00 00 00 00 00 00 00 00 00 00 00 00 00 00  | ................ |",
    "000000A0  00 00 00 00 00 00 00 00 00 E3 06 3B 54 E3 0F 26  | .........∏♠;T∏☼& |",
    "000000B0  D8 08 1F ED 31                                   | ╪◘▼Ø1            |",
]
